round[ 0].iinput dda97ca4864cdfe06eaf70a0ec0d7191
round[ 0].ik_sch a4970a331a78dc09c418c271e3a41d5d
round[ 1].istart 793e76979c3403e9aab7b2d10fa96ccc
round[ 1].is_row 79a9b2e99c3e6cd1aa3476cc0fb70397
round[ 1].is_box afb73eeb1cd1b85162280f27fb20d585
round[ 1].ik_sch de601e7827bcdf2ca223800fd8aeda32
round[ 1].ik_add 71d720933b6d677dc00b8f28238e0fb7
round[ 2].istart c494bffae62322ab4bb5dc4e6fce69dd
round[ 2].is_row c4cedcabe694694e4b23bfdd6fb522fa
round[ 2].is_box 88ec930ef5e7e4b6cc32f4c906d29414
round[ 2].ik_sch 859f5f237a8d5a3dc0c02952beefd63a
round[ 2].ik_add 0d73cc2d8f6abe8b0cf2dd9bb83d422e
round[ 3].istart d37e3705907a1a208d1c371e8c6fbfb5
round[ 3].is_row d36f3720907ebf1e8d7a37b58c1c1a05
round[ 3].is_box a906b254968af4e9b4bdb2d2f0c44336
round[ 3].ik_sch dd7e0e887e2fff68608fc842f9dcc154
round[ 3].ik_add 7478bcdce8a50b81d4327a9009188262
round[ 4].istart 406c501076d70066e17057ca09fc7b7f
round[ 4].is_row 40fc5766766c7bcae1d7507f09700010
round[ 4].is_box 7255dad30fb80310e00d6c6b40d0527c
round[ 4].ik_sch 1ea0372a995309167c439e77ff12051e
round[ 4].ik_add 6cf5edf996eb0a069c4ef21cbfc25762
round[ 5].istart fe7c7e71fe7f807047b95193f67b8e4b
round[ 5].is_row fe7b5170fe7c8e93477f7e4bf6b98071
round[ 5].is_box 0c0370d00c01e622166b8accd6db3a2c
round[ 5].ik_sch e510976183519b6934157c9ea351f1e0
round[ 5].ik_add e913e7b18f507d4b227ef652758acbcc
round[ 6].istart 85e5c8042f8614549ebca17b277272df
round[ 6].is_row 8572a1542fe5727b9e86c8df27bc1404
round[ 6].is_box 671ef1fd4e2a1e03dfdcb1ef3d789b30
round[ 6].ik_sch f501857297448d7ebdf1c6ca87f33e3c
round[ 6].ik_add 921f748fd96e937d622d7725ba8ba50c
round[ 7].istart cd54c7283864c0c55d4c727e90c9a465
round[ 7].is_row cdc972c53854a47e5d64c765904cc028
round[ 7].is_box 80121e0776fd1d8a8d8c31bc965d1fee
round[ 7].ik_sch 2ab54bb43a02f8f662e3a95d66410c08
round[ 7].ik_add aaa755b34cffe57cef6f98e1f01c13e6
round[ 8].istart 93faa123c2903f4743e4dd83431692de
round[ 8].is_row 9316dd47c2fa92834390a1de43e43f23
round[ 8].is_box 22ffc916a81474416496f19c64ae2532
round[ 8].ik_sch 58e151ab04a2a5557effb5416245080c
round[ 8].ik_add 7a1e98bdacb6d1141a6944dd06eb2d3e
round[ 9].istart 68cc08ed0abbd2bc642ef555244ae878
round[ 9].is_row 684af5bc0acce85564bb0878242ed2ed
round[ 9].is_box f75c7778a327c8ed8cfebfc1a6c37f53
round[ 9].ik_sch 40f949b31cbabd4d48f043b810b7b342
round[ 9].ik_add b7a53ecbbf9d75a0c40efc79b674cc11
round[10].istart 1fb5430ef0accf64aa370cde3d77792c
round[10].is_row 1f770c64f0b579deaaac432c3d37cf0e
round[10].is_box cb02818c17d2af9c62aa64428bb25fd7
round[10].ik_sch 544afef55847f0fa4856e2e95c43f4fe
round[10].ik_add 9f487f794f955f662afc86abd7f1ab29
round[11].istart 84e1dd691a41d76f792d389783fbac70
round[11].is_row 84fb386f1ae1ac977941dd70832dd769
round[11].is_box 4f63760643e0aa85aff8c9d041fa0de4
round[11].ik_sch 10111213141516175846f2f95c43f4fe
round[11].ik_add 5f72641557f5bc92f7be3b291db9f91a
round[12].istart 6353e08c0960e104cd70b751bacad0e7
round[12].is_row 63cab7040953d051cd60e0e7ba70e18c
round[12].is_box 00102030405060708090a0b0c0d0e0f0
round[12].ik_sch 000102030405060708090a0b0c0d0e0f
round[12].ioutput 00112233445566778899aabbccddeeff
