round[ 0].input 00112233445566778899aabbccddeeff
round[ 0].k_sch 000102030405060708090a0b0c0d0e0f
round[ 1].start 00102030405060708090a0b0c0d0e0f0
round[ 1].s_box 63cab7040953d051cd60e0e7ba70e18c
round[ 1].s_row 6353e08c0960e104cd70b751bacad0e7
round[ 1].m_col 5f72641557f5bc92f7be3b291db9f91a
round[ 1].k_sch 10111213141516175846f2f95c43f4fe
round[ 2].start 4f63760643e0aa85aff8c9d041fa0de4
round[ 2].s_box 84fb386f1ae1ac977941dd70832dd769
round[ 2].s_row 84e1dd691a41d76f792d389783fbac70
round[ 2].m_col 9f487f794f955f662afc86abd7f1ab29
round[ 2].k_sch 544afef55847f0fa4856e2e95c43f4fe
round[ 3].start cb02818c17d2af9c62aa64428bb25fd7
round[ 3].s_box 1f770c64f0b579deaaac432c3d37cf0e
round[ 3].s_row 1fb5430ef0accf64aa370cde3d77792c
round[ 3].m_col b7a53ecbbf9d75a0c40efc79b674cc11
round[ 3].k_sch 40f949b31cbabd4d48f043b810b7b342
round[ 4].start f75c7778a327c8ed8cfebfc1a6c37f53
round[ 4].s_box 684af5bc0acce85564bb0878242ed2ed
round[ 4].s_row 68cc08ed0abbd2bc642ef555244ae878
round[ 4].m_col 7a1e98bdacb6d1141a6944dd06eb2d3e
round[ 4].k_sch 58e151ab04a2a5557effb5416245080c
round[ 5].start 22ffc916a81474416496f19c64ae2532
round[ 5].s_box 9316dd47c2fa92834390a1de43e43f23
round[ 5].s_row 93faa123c2903f4743e4dd83431692de
round[ 5].m_col aaa755b34cffe57cef6f98e1f01c13e6
round[ 5].k_sch 2ab54bb43a02f8f662e3a95d66410c08
round[ 6].start 80121e0776fd1d8a8d8c31bc965d1fee
round[ 6].s_box cdc972c53854a47e5d64c765904cc028
round[ 6].s_row cd54c7283864c0c55d4c727e90c9a465
round[ 6].m_col 921f748fd96e937d622d7725ba8ba50c
round[ 6].k_sch f501857297448d7ebdf1c6ca87f33e3c
round[ 7].start 671ef1fd4e2a1e03dfdcb1ef3d789b30
round[ 7].s_box 8572a1542fe5727b9e86c8df27bc1404
round[ 7].s_row 85e5c8042f8614549ebca17b277272df
round[ 7].m_col e913e7b18f507d4b227ef652758acbcc
round[ 7].k_sch e510976183519b6934157c9ea351f1e0
round[ 8].start 0c0370d00c01e622166b8accd6db3a2c
round[ 8].s_box fe7b5170fe7c8e93477f7e4bf6b98071
round[ 8].s_row fe7c7e71fe7f807047b95193f67b8e4b
round[ 8].m_col 6cf5edf996eb0a069c4ef21cbfc25762
round[ 8].k_sch 1ea0372a995309167c439e77ff12051e
round[ 9].start 7255dad30fb80310e00d6c6b40d0527c
round[ 9].s_box 40fc5766766c7bcae1d7507f09700010
round[ 9].s_row 406c501076d70066e17057ca09fc7b7f
round[ 9].m_col 7478bcdce8a50b81d4327a9009188262
round[ 9].k_sch dd7e0e887e2fff68608fc842f9dcc154
round[10].start a906b254968af4e9b4bdb2d2f0c44336
round[10].s_box d36f3720907ebf1e8d7a37b58c1c1a05
round[10].s_row d37e3705907a1a208d1c371e8c6fbfb5
round[10].m_col 0d73cc2d8f6abe8b0cf2dd9bb83d422e
round[10].k_sch 859f5f237a8d5a3dc0c02952beefd63a
round[11].start 88ec930ef5e7e4b6cc32f4c906d29414
round[11].s_box c4cedcabe694694e4b23bfdd6fb522fa
round[11].s_row c494bffae62322ab4bb5dc4e6fce69dd
round[11].m_col 71d720933b6d677dc00b8f28238e0fb7
round[11].k_sch de601e7827bcdf2ca223800fd8aeda32
round[12].start afb73eeb1cd1b85162280f27fb20d585
round[12].s_box 79a9b2e99c3e6cd1aa3476cc0fb70397
round[12].s_row 793e76979c3403e9aab7b2d10fa96ccc
round[12].k_sch a4970a331a78dc09c418c271e3a41d5d
round[12].output dda97ca4864cdfe06eaf70a0ec0d7191
